parameters read 
parameters read 
ions read 
relaxparameters read 
ions read 
relaxparameters read 
done1 
done1 
done2 
done2 
done3 
done3 
Spline fit done 
Spline fit done 
Nonlocal coeff done 
Nonlocal coeff done 
Pseudocharge cutoff calculation done
supercell createdNonlocal index done 
at=0, start=0, end=4 
rank=0, pLsdft->AtomOverlap_local[0].Natoms=88 
done influencing atoms local
done influencing atoms nonlocal
ok1
ok2
ok3
Pseudocharge cutoff calculation done
supercell createdNonlocal index done 
at=0, start=0, end=4 
rank=1, pLsdft->AtomOverlap_local[0].Natoms=88 
done influencing atoms local
done influencing atoms nonlocal
ok1
ok2
ok3
Nonlocal projectors calculated
Nonlocal projectors calculated
rank=0, Total time spent=75.126809 
rank=1, Total time spent=76.119281 
Done LSSGQDone LSSGQ