parameters read 
parameters read 
parameters read 
parameters read 
ions read 
relaxparameters read 
ions read 
relaxparameters read 
ions read 
relaxparameters read 
ions read 
relaxparameters read 
done1 
done1 
done1 
done1 
done2 
done2 
done2 
done2 
done3 
done3 
done3 
done3 
Spline fit done 
Spline fit done 
Spline fit done 
Spline fit done 
Nonlocal coeff done 
Nonlocal coeff done 
Nonlocal coeff done 
Nonlocal coeff done 
Pseudocharge cutoff calculation done
supercell createdNonlocal index done 
at=0, start=0, end=4 
rank=2, pLsdft->AtomOverlap_local[0].Natoms=68 
done influencing atoms local
done influencing atoms nonlocal
ok1
ok2
ok3
Pseudocharge cutoff calculation done
supercell createdNonlocal index done 
at=0, start=0, end=4 
rank=3, pLsdft->AtomOverlap_local[0].Natoms=68 
done influencing atoms local
Pseudocharge cutoff calculation done
supercell createddone influencing atoms nonlocal
ok1
ok2
ok3
Nonlocal index done 
at=0, start=0, end=4 
rank=0, pLsdft->AtomOverlap_local[0].Natoms=68 
done influencing atoms local
done influencing atoms nonlocal
ok1
ok2
ok3
Pseudocharge cutoff calculation done
supercell createdNonlocal index done 
at=0, start=0, end=4 
rank=1, pLsdft->AtomOverlap_local[0].Natoms=68 
done influencing atoms local
done influencing atoms nonlocal
ok1
ok2
ok3
Nonlocal projectors calculated
Nonlocal projectors calculated
Nonlocal projectors calculated
Nonlocal projectors calculated
rank=2, Total time spent=34.399974 
rank=3, Total time spent=35.153052 
rank=0, Total time spent=38.519544 
Done LSSGQrank=1, Total time spent=38.854179 
Done LSSGQDone LSSGQDone LSSGQ